2025-05-14 12:02:23 [info]: MongoDB Connected: ac-vl3pvgc-shard-00-01.lkoaeub.mongodb.net
2025-05-14 12:02:23 [info]: Server running on port 3000
2025-05-14 12:43:09 [info]: MongoDB Connected: ac-vl3pvgc-shard-00-02.lkoaeub.mongodb.net
2025-05-14 12:43:09 [info]: Server running on port 3000
2025-05-14 12:43:27 [info]: MongoDB Connected: ac-vl3pvgc-shard-00-01.lkoaeub.mongodb.net
2025-05-14 12:43:27 [info]: Server running on port 3000
2025-05-14 12:55:40 [info]: MongoDB Connected: ac-vl3pvgc-shard-00-00.lkoaeub.mongodb.net
2025-05-14 12:55:40 [info]: Server running on port 3000
2025-05-14 13:05:21 [info]: MongoDB Connected: ac-vl3pvgc-shard-00-01.lkoaeub.mongodb.net
2025-05-14 13:05:21 [info]: Server running on port 3000
2025-05-14 13:10:43 [info]: MongoDB Connected: ac-vl3pvgc-shard-00-02.lkoaeub.mongodb.net
2025-05-14 13:10:43 [info]: Server running on port 3000
2025-05-14 13:19:33 [info]: MongoDB Connected: ac-vl3pvgc-shard-00-02.lkoaeub.mongodb.net
2025-05-14 13:19:33 [info]: Server running on port 3000
2025-05-14 13:50:14 [warn]: MongoDB disconnected
2025-05-14 14:21:49 [info]: MongoDB Connected: ac-vl3pvgc-shard-00-02.lkoaeub.mongodb.net
2025-05-14 14:25:23 [info]: MongoDB Connected: ac-vl3pvgc-shard-00-02.lkoaeub.mongodb.net
2025-05-14 14:27:12 [info]: MongoDB Connected: ac-vl3pvgc-shard-00-00.lkoaeub.mongodb.net
2025-05-14 14:27:12 [info]: Server running on port 3000
2025-05-14 14:29:20 [info]: Client connected: 9FiBc65zmSy_Dhc9AAAB
2025-05-14 14:29:20 [info]: Client 9FiBc65zmSy_Dhc9AAAB joined hall: hall_1
2025-05-14 14:32:51 [info]: Client disconnected: 9FiBc65zmSy_Dhc9AAAB
2025-05-14 14:36:45 [info]: Client connected: 6k-7RKk0I62eEyW5AAAD
2025-05-14 14:36:45 [info]: Client 6k-7RKk0I62eEyW5AAAD joined hall: hall_1
2025-05-14 14:40:03 [info]: Client connected: nEv3sCBlLq-XJzQuAAAF
2025-05-14 14:40:04 [info]: Client nEv3sCBlLq-XJzQuAAAF joined hall: hall_1
2025-05-14 14:40:04 [info]: Client nEv3sCBlLq-XJzQuAAAF joined hall: hall_2
2025-05-14 14:40:04 [info]: Client nEv3sCBlLq-XJzQuAAAF joined hall: hall_3
2025-05-14 14:40:04 [info]: Client nEv3sCBlLq-XJzQuAAAF left hall: hall_1
2025-05-14 14:40:04 [info]: Client nEv3sCBlLq-XJzQuAAAF left hall: hall_2
2025-05-14 14:40:04 [info]: Client nEv3sCBlLq-XJzQuAAAF left hall: hall_3
2025-05-14 14:40:04 [info]: Client nEv3sCBlLq-XJzQuAAAF joined hall: hall_1
2025-05-14 14:40:04 [info]: Client nEv3sCBlLq-XJzQuAAAF joined hall: hall_2
2025-05-14 14:40:04 [info]: Client nEv3sCBlLq-XJzQuAAAF joined hall: hall_3
2025-05-14 14:40:18 [info]: Client nEv3sCBlLq-XJzQuAAAF left hall: hall_1
2025-05-14 14:40:18 [info]: Client nEv3sCBlLq-XJzQuAAAF left hall: hall_2
2025-05-14 14:40:18 [info]: Client nEv3sCBlLq-XJzQuAAAF left hall: hall_3
2025-05-14 14:40:19 [info]: Client nEv3sCBlLq-XJzQuAAAF joined hall: hall_1
2025-05-14 14:40:19 [info]: Client nEv3sCBlLq-XJzQuAAAF joined hall: hall_2
2025-05-14 14:40:19 [info]: Client nEv3sCBlLq-XJzQuAAAF joined hall: hall_3
2025-05-14 14:40:19 [info]: Client nEv3sCBlLq-XJzQuAAAF left hall: hall_1
2025-05-14 14:40:19 [info]: Client nEv3sCBlLq-XJzQuAAAF left hall: hall_2
2025-05-14 14:40:19 [info]: Client nEv3sCBlLq-XJzQuAAAF left hall: hall_3
2025-05-14 14:40:19 [info]: Client nEv3sCBlLq-XJzQuAAAF joined hall: hall_1
2025-05-14 14:40:19 [info]: Client nEv3sCBlLq-XJzQuAAAF joined hall: hall_2
2025-05-14 14:40:19 [info]: Client nEv3sCBlLq-XJzQuAAAF joined hall: hall_3
2025-05-14 14:40:26 [info]: Client disconnected: 6k-7RKk0I62eEyW5AAAD
2025-05-14 14:40:39 [info]: Client connected: B-InVAD9QJ5lmScFAAAH
2025-05-14 14:40:39 [info]: Client B-InVAD9QJ5lmScFAAAH joined hall: hall_1
2025-05-14 14:40:45 [info]: Client disconnected: nEv3sCBlLq-XJzQuAAAF
2025-05-14 14:40:45 [info]: Client connected: bc8aEXYRdPJGEvX9AAAJ
2025-05-14 14:40:45 [info]: Client bc8aEXYRdPJGEvX9AAAJ joined hall: hall_1
2025-05-14 14:40:45 [info]: Client bc8aEXYRdPJGEvX9AAAJ joined hall: hall_2
2025-05-14 14:40:45 [info]: Client bc8aEXYRdPJGEvX9AAAJ joined hall: hall_3
2025-05-14 14:40:45 [info]: Client bc8aEXYRdPJGEvX9AAAJ left hall: hall_1
2025-05-14 14:40:45 [info]: Client bc8aEXYRdPJGEvX9AAAJ left hall: hall_2
2025-05-14 14:40:45 [info]: Client bc8aEXYRdPJGEvX9AAAJ left hall: hall_3
2025-05-14 14:40:45 [info]: Client bc8aEXYRdPJGEvX9AAAJ joined hall: hall_1
2025-05-14 14:40:45 [info]: Client bc8aEXYRdPJGEvX9AAAJ joined hall: hall_2
2025-05-14 14:40:45 [info]: Client bc8aEXYRdPJGEvX9AAAJ joined hall: hall_3
2025-05-14 14:40:47 [info]: Client bc8aEXYRdPJGEvX9AAAJ left hall: hall_1
2025-05-14 14:40:47 [info]: Client bc8aEXYRdPJGEvX9AAAJ left hall: hall_2
2025-05-14 14:40:47 [info]: Client bc8aEXYRdPJGEvX9AAAJ left hall: hall_3
2025-05-14 14:40:51 [info]: Client bc8aEXYRdPJGEvX9AAAJ joined hall: hall_1
2025-05-14 14:40:51 [info]: Client bc8aEXYRdPJGEvX9AAAJ joined hall: hall_2
2025-05-14 14:40:51 [info]: Client bc8aEXYRdPJGEvX9AAAJ joined hall: hall_3
2025-05-14 14:40:51 [info]: Client bc8aEXYRdPJGEvX9AAAJ left hall: hall_1
2025-05-14 14:40:51 [info]: Client bc8aEXYRdPJGEvX9AAAJ left hall: hall_2
2025-05-14 14:40:51 [info]: Client bc8aEXYRdPJGEvX9AAAJ left hall: hall_3
2025-05-14 14:40:51 [info]: Client bc8aEXYRdPJGEvX9AAAJ joined hall: hall_1
2025-05-14 14:40:51 [info]: Client bc8aEXYRdPJGEvX9AAAJ joined hall: hall_2
2025-05-14 14:40:51 [info]: Client bc8aEXYRdPJGEvX9AAAJ joined hall: hall_3
2025-05-14 14:58:00 [info]: MongoDB Connected: ac-vl3pvgc-shard-00-00.lkoaeub.mongodb.net
2025-05-14 14:58:00 [info]: Server running on port 3000
2025-05-14 14:58:03 [info]: Client connected: krNYM8WUVmRKA_2PAAAB
2025-05-14 14:58:03 [info]: Client krNYM8WUVmRKA_2PAAAB joined hall: hall_1
2025-05-14 14:58:03 [info]: Client krNYM8WUVmRKA_2PAAAB joined hall: hall_2
2025-05-14 14:58:03 [info]: Client krNYM8WUVmRKA_2PAAAB joined hall: hall_3
2025-05-14 14:58:03 [info]: Client krNYM8WUVmRKA_2PAAAB left hall: hall_1
2025-05-14 14:58:03 [info]: Client krNYM8WUVmRKA_2PAAAB left hall: hall_2
2025-05-14 14:58:03 [info]: Client krNYM8WUVmRKA_2PAAAB left hall: hall_3
2025-05-14 14:58:03 [info]: Client krNYM8WUVmRKA_2PAAAB joined hall: hall_1
2025-05-14 14:58:03 [info]: Client krNYM8WUVmRKA_2PAAAB joined hall: hall_2
2025-05-14 14:58:03 [info]: Client krNYM8WUVmRKA_2PAAAB joined hall: hall_3
2025-05-14 14:58:05 [info]: Client connected: guv5z8TlQmWFr7WaAAAD
2025-05-14 14:58:06 [info]: Client guv5z8TlQmWFr7WaAAAD left hall: hall_1
2025-05-14 14:58:06 [info]: Client guv5z8TlQmWFr7WaAAAD left hall: hall_2
2025-05-14 14:58:06 [info]: Client guv5z8TlQmWFr7WaAAAD left hall: hall_3
2025-05-14 14:58:06 [info]: Client guv5z8TlQmWFr7WaAAAD joined hall: hall_1
2025-05-14 14:58:06 [info]: Client guv5z8TlQmWFr7WaAAAD joined hall: hall_2
2025-05-14 14:58:06 [info]: Client guv5z8TlQmWFr7WaAAAD joined hall: hall_3
2025-05-14 14:58:06 [info]: Client guv5z8TlQmWFr7WaAAAD left hall: hall_1
2025-05-14 14:58:06 [info]: Client guv5z8TlQmWFr7WaAAAD left hall: hall_2
2025-05-14 14:58:06 [info]: Client guv5z8TlQmWFr7WaAAAD left hall: hall_3
2025-05-14 14:58:06 [info]: Client guv5z8TlQmWFr7WaAAAD joined hall: hall_1
2025-05-14 14:58:06 [info]: Client guv5z8TlQmWFr7WaAAAD joined hall: hall_2
2025-05-14 14:58:06 [info]: Client guv5z8TlQmWFr7WaAAAD joined hall: hall_3
2025-05-14 14:58:06 [info]: Client guv5z8TlQmWFr7WaAAAD left hall: hall_1
2025-05-14 14:58:06 [info]: Client guv5z8TlQmWFr7WaAAAD left hall: hall_2
2025-05-14 14:58:06 [info]: Client guv5z8TlQmWFr7WaAAAD left hall: hall_3
2025-05-14 14:58:27 [info]: Client connected: 2PeF9K8dobv2cnNfAAAF
2025-05-14 14:58:27 [info]: Client 2PeF9K8dobv2cnNfAAAF joined hall: hall_1
2025-05-14 15:01:37 [info]: Client disconnected: 2PeF9K8dobv2cnNfAAAF
2025-05-14 15:16:29 [info]: Client krNYM8WUVmRKA_2PAAAB left hall: hall_1
2025-05-14 15:16:29 [info]: Client krNYM8WUVmRKA_2PAAAB left hall: hall_2
2025-05-14 15:16:29 [info]: Client krNYM8WUVmRKA_2PAAAB left hall: hall_3
2025-05-14 15:38:53 [info]: MongoDB Connected: ac-vl3pvgc-shard-00-00.lkoaeub.mongodb.net
2025-05-14 15:38:53 [info]: Server running on port 3000
2025-05-14 15:38:54 [info]: Client connected: ggaMFlwJWJ9-mX-rAAAC
2025-05-14 15:38:54 [info]: Client connected: eDB05FZJPUV5Jp-PAAAD
2025-05-14 15:39:08 [info]: Client connected: CjOkCtQ4mmS1k8WZAAAF
2025-05-14 15:39:08 [info]: Client CjOkCtQ4mmS1k8WZAAAF joined hall: hall_1
2025-05-14 15:39:12 [info]: Client disconnected: CjOkCtQ4mmS1k8WZAAAF
2025-05-14 15:55:14 [warn]: MongoDB disconnected
2025-05-14 15:56:33 [info]: Client ggaMFlwJWJ9-mX-rAAAC joined hall: hall_1
2025-05-14 15:56:33 [info]: Client ggaMFlwJWJ9-mX-rAAAC joined hall: hall_2
2025-05-14 15:56:33 [info]: Client ggaMFlwJWJ9-mX-rAAAC joined hall: hall_3
2025-05-14 15:56:33 [info]: Client ggaMFlwJWJ9-mX-rAAAC left hall: hall_1
2025-05-14 15:56:33 [info]: Client ggaMFlwJWJ9-mX-rAAAC left hall: hall_2
2025-05-14 15:56:33 [info]: Client ggaMFlwJWJ9-mX-rAAAC left hall: hall_3
2025-05-14 15:56:33 [info]: Client ggaMFlwJWJ9-mX-rAAAC joined hall: hall_1
2025-05-14 15:56:33 [info]: Client ggaMFlwJWJ9-mX-rAAAC joined hall: hall_2
2025-05-14 15:56:33 [info]: Client ggaMFlwJWJ9-mX-rAAAC joined hall: hall_3
2025-05-14 15:58:07 [info]: MongoDB Connected: ac-vl3pvgc-shard-00-00.lkoaeub.mongodb.net
2025-05-14 15:58:07 [info]: Server running on port 3000
2025-05-14 15:58:13 [info]: MongoDB Connected: ac-vl3pvgc-shard-00-00.lkoaeub.mongodb.net
2025-05-14 15:58:13 [info]: Server running on port 3000
2025-05-14 15:58:14 [info]: Client connected: XYgOdVJZaWQsk61OAAAC
2025-05-14 15:58:14 [info]: Client connected: eXfN7tB7iRblhwjgAAAD
2025-05-14 15:59:27 [info]: MongoDB Connected: ac-vl3pvgc-shard-00-01.lkoaeub.mongodb.net
2025-05-14 15:59:27 [info]: Server running on port 3000
2025-05-14 15:59:28 [info]: Client connected: 6EGYqx4AP81sFCVUAAAC
2025-05-14 15:59:28 [info]: Client connected: Cd6M5BeYw6L9BInbAAAD
2025-05-14 15:59:30 [info]: MongoDB Connected: ac-vl3pvgc-shard-00-02.lkoaeub.mongodb.net
2025-05-14 15:59:30 [info]: Server running on port 3000
2025-05-14 15:59:30 [info]: Client connected: PT5zP62NFI97a2UpAAAB
2025-05-14 15:59:31 [info]: MongoDB Connected: ac-vl3pvgc-shard-00-00.lkoaeub.mongodb.net
2025-05-14 15:59:31 [info]: Server running on port 3000
2025-05-14 15:59:31 [info]: Client connected: 6FUp0_ZXHAcmC1tuAAAB
2025-05-14 15:59:32 [info]: Client connected: 6OSY5UAp3PYwrFeyAAAD
2025-05-14 15:59:33 [info]: MongoDB Connected: ac-vl3pvgc-shard-00-01.lkoaeub.mongodb.net
2025-05-14 15:59:33 [info]: Server running on port 3000
2025-05-14 15:59:34 [info]: Client connected: q8Vs1W5phjXuDYC6AAAB
2025-05-14 15:59:35 [info]: Client connected: vfnd6nV2EYx2ulqPAAAD
2025-05-14 15:59:36 [info]: MongoDB Connected: ac-vl3pvgc-shard-00-02.lkoaeub.mongodb.net
2025-05-14 15:59:36 [info]: Server running on port 3000
2025-05-14 15:59:36 [info]: Client connected: vS0w_YI9H9an1uLbAAAB
2025-05-14 15:59:38 [info]: Client connected: 0pNhr33C4LRC-cTFAAAD
2025-05-14 15:59:53 [info]: MongoDB Connected: ac-vl3pvgc-shard-00-00.lkoaeub.mongodb.net
2025-05-14 15:59:53 [info]: Server running on port 3000
2025-05-14 15:59:54 [info]: Client connected: -MeksX_KQZGJVkSSAAAC
2025-05-14 15:59:54 [info]: Client connected: FM13CjInqG51SQ9KAAAD
2025-05-14 15:59:59 [info]: MongoDB Connected: ac-vl3pvgc-shard-00-01.lkoaeub.mongodb.net
2025-05-14 15:59:59 [info]: Server running on port 3000
2025-05-14 15:59:59 [info]: Client connected: 6tGBwoWghN0V3ldzAAAC
2025-05-14 16:00:00 [info]: Client connected: nEatzNI4bW-3Jp8IAAAD
2025-05-14 16:00:01 [info]: MongoDB Connected: ac-vl3pvgc-shard-00-02.lkoaeub.mongodb.net
2025-05-14 16:00:01 [info]: Server running on port 3000
2025-05-14 16:00:02 [info]: Client connected: _IUimxDCoAsWGvrmAAAB
2025-05-14 16:00:02 [info]: Client connected: leJ56MiffOF4oEhhAAAD
2025-05-14 16:00:04 [info]: MongoDB Connected: ac-vl3pvgc-shard-00-00.lkoaeub.mongodb.net
2025-05-14 16:00:04 [info]: Server running on port 3000
2025-05-14 16:00:05 [info]: Client connected: 1ofLC898EMpcfm7BAAAB
2025-05-14 16:00:05 [info]: Client connected: IIYCsOSntyzI97ROAAAD
2025-05-14 16:04:03 [info]: Client 1ofLC898EMpcfm7BAAAB left hall: hall_1
2025-05-14 16:04:03 [info]: Client 1ofLC898EMpcfm7BAAAB left hall: hall_2
2025-05-14 16:04:03 [info]: Client 1ofLC898EMpcfm7BAAAB left hall: hall_3
2025-05-14 16:04:07 [info]: Client 1ofLC898EMpcfm7BAAAB joined hall: hall_1
2025-05-14 16:04:07 [info]: Client 1ofLC898EMpcfm7BAAAB joined hall: hall_2
2025-05-14 16:04:07 [info]: Client 1ofLC898EMpcfm7BAAAB joined hall: hall_3
2025-05-14 16:04:07 [info]: Client 1ofLC898EMpcfm7BAAAB left hall: hall_1
2025-05-14 16:04:07 [info]: Client 1ofLC898EMpcfm7BAAAB left hall: hall_2
2025-05-14 16:04:07 [info]: Client 1ofLC898EMpcfm7BAAAB left hall: hall_3
2025-05-14 16:04:07 [info]: Client 1ofLC898EMpcfm7BAAAB joined hall: hall_1
2025-05-14 16:04:07 [info]: Client 1ofLC898EMpcfm7BAAAB joined hall: hall_2
2025-05-14 16:04:07 [info]: Client 1ofLC898EMpcfm7BAAAB joined hall: hall_3
2025-05-14 16:04:08 [info]: Client 1ofLC898EMpcfm7BAAAB left hall: hall_1
2025-05-14 16:04:08 [info]: Client 1ofLC898EMpcfm7BAAAB left hall: hall_2
2025-05-14 16:04:08 [info]: Client 1ofLC898EMpcfm7BAAAB left hall: hall_3
2025-05-14 16:15:54 [info]: Client disconnected: IIYCsOSntyzI97ROAAAD
2025-05-14 16:17:43 [info]: Client 1ofLC898EMpcfm7BAAAB joined hall: hall_1
2025-05-14 16:17:43 [info]: Client 1ofLC898EMpcfm7BAAAB joined hall: hall_2
2025-05-14 16:17:43 [info]: Client 1ofLC898EMpcfm7BAAAB joined hall: hall_3
2025-05-14 16:17:43 [info]: Client 1ofLC898EMpcfm7BAAAB left hall: hall_1
2025-05-14 16:17:43 [info]: Client 1ofLC898EMpcfm7BAAAB left hall: hall_2
2025-05-14 16:17:43 [info]: Client 1ofLC898EMpcfm7BAAAB left hall: hall_3
2025-05-14 16:17:43 [info]: Client 1ofLC898EMpcfm7BAAAB joined hall: hall_1
2025-05-14 16:17:43 [info]: Client 1ofLC898EMpcfm7BAAAB joined hall: hall_2
2025-05-14 16:17:43 [info]: Client 1ofLC898EMpcfm7BAAAB joined hall: hall_3
2025-05-14 16:17:46 [info]: Client 1ofLC898EMpcfm7BAAAB left hall: hall_1
2025-05-14 16:17:46 [info]: Client 1ofLC898EMpcfm7BAAAB left hall: hall_2
2025-05-14 16:17:46 [info]: Client 1ofLC898EMpcfm7BAAAB left hall: hall_3
2025-05-14 16:17:48 [info]: Client 1ofLC898EMpcfm7BAAAB joined hall: hall_1
2025-05-14 16:17:48 [info]: Client 1ofLC898EMpcfm7BAAAB joined hall: hall_2
2025-05-14 16:17:48 [info]: Client 1ofLC898EMpcfm7BAAAB joined hall: hall_3
2025-05-14 16:17:48 [info]: Client 1ofLC898EMpcfm7BAAAB left hall: hall_1
2025-05-14 16:17:48 [info]: Client 1ofLC898EMpcfm7BAAAB left hall: hall_2
2025-05-14 16:17:48 [info]: Client 1ofLC898EMpcfm7BAAAB left hall: hall_3
2025-05-14 16:17:48 [info]: Client 1ofLC898EMpcfm7BAAAB joined hall: hall_1
2025-05-14 16:17:48 [info]: Client 1ofLC898EMpcfm7BAAAB joined hall: hall_2
2025-05-14 16:17:48 [info]: Client 1ofLC898EMpcfm7BAAAB joined hall: hall_3
2025-05-14 16:29:40 [info]: Client connected: fYMHRdSHwmMowWR8AAAF
2025-05-14 16:29:40 [info]: Client fYMHRdSHwmMowWR8AAAF joined hall: hall_1
2025-05-14 16:30:38 [info]: Client connected: 1BGbVX9vipO1xP-EAAAH
2025-05-14 16:30:38 [info]: Client 1BGbVX9vipO1xP-EAAAH joined hall: hall_1
2025-05-14 16:30:38 [info]: Client 1BGbVX9vipO1xP-EAAAH joined hall: hall_2
2025-05-14 16:30:38 [info]: Client 1BGbVX9vipO1xP-EAAAH joined hall: hall_3
2025-05-14 16:30:38 [info]: Client 1BGbVX9vipO1xP-EAAAH left hall: hall_1
2025-05-14 16:30:38 [info]: Client 1BGbVX9vipO1xP-EAAAH left hall: hall_2
2025-05-14 16:30:38 [info]: Client 1BGbVX9vipO1xP-EAAAH left hall: hall_3
2025-05-14 16:30:38 [info]: Client 1BGbVX9vipO1xP-EAAAH joined hall: hall_1
2025-05-14 16:30:38 [info]: Client 1BGbVX9vipO1xP-EAAAH joined hall: hall_2
2025-05-14 16:30:38 [info]: Client 1BGbVX9vipO1xP-EAAAH joined hall: hall_3
2025-05-14 16:30:53 [info]: Client 1BGbVX9vipO1xP-EAAAH left hall: hall_1
2025-05-14 16:30:53 [info]: Client 1BGbVX9vipO1xP-EAAAH left hall: hall_2
2025-05-14 16:30:53 [info]: Client 1BGbVX9vipO1xP-EAAAH left hall: hall_3
2025-05-14 16:31:13 [info]: Client 1BGbVX9vipO1xP-EAAAH joined hall: hall_1
2025-05-14 16:31:13 [info]: Client 1BGbVX9vipO1xP-EAAAH joined hall: hall_2
2025-05-14 16:31:13 [info]: Client 1BGbVX9vipO1xP-EAAAH joined hall: hall_3
2025-05-14 16:31:13 [info]: Client 1BGbVX9vipO1xP-EAAAH left hall: hall_1
2025-05-14 16:31:13 [info]: Client 1BGbVX9vipO1xP-EAAAH left hall: hall_2
2025-05-14 16:31:13 [info]: Client 1BGbVX9vipO1xP-EAAAH left hall: hall_3
2025-05-14 16:31:13 [info]: Client 1BGbVX9vipO1xP-EAAAH joined hall: hall_1
2025-05-14 16:31:13 [info]: Client 1BGbVX9vipO1xP-EAAAH joined hall: hall_2
2025-05-14 16:31:13 [info]: Client 1BGbVX9vipO1xP-EAAAH joined hall: hall_3
2025-05-14 16:31:58 [info]: Client 1BGbVX9vipO1xP-EAAAH left hall: hall_1
2025-05-14 16:31:58 [info]: Client 1BGbVX9vipO1xP-EAAAH left hall: hall_2
2025-05-14 16:31:58 [info]: Client 1BGbVX9vipO1xP-EAAAH left hall: hall_3
2025-05-14 16:32:24 [info]: Client disconnected: fYMHRdSHwmMowWR8AAAF
2025-05-14 16:38:16 [info]: Client 1BGbVX9vipO1xP-EAAAH joined hall: hall_1
2025-05-14 16:38:16 [info]: Client 1BGbVX9vipO1xP-EAAAH joined hall: hall_2
2025-05-14 16:38:16 [info]: Client 1BGbVX9vipO1xP-EAAAH joined hall: hall_3
2025-05-14 16:38:16 [info]: Client 1BGbVX9vipO1xP-EAAAH left hall: hall_1
2025-05-14 16:38:16 [info]: Client 1BGbVX9vipO1xP-EAAAH left hall: hall_2
2025-05-14 16:38:16 [info]: Client 1BGbVX9vipO1xP-EAAAH left hall: hall_3
2025-05-14 16:38:16 [info]: Client 1BGbVX9vipO1xP-EAAAH joined hall: hall_1
2025-05-14 16:38:16 [info]: Client 1BGbVX9vipO1xP-EAAAH joined hall: hall_2
2025-05-14 16:38:16 [info]: Client 1BGbVX9vipO1xP-EAAAH joined hall: hall_3
2025-09-12 22:37:33 [warn]: MongoDB disconnected
2025-09-12 23:18:38 [warn]: MongoDB disconnected
2025-09-12 23:22:10 [warn]: MongoDB disconnected
2025-09-12 23:22:10 [warn]: MongoDB connection failed, running without database:
2025-09-12 23:22:10 [info]: Server will run in test mode without database
2025-09-12 23:22:10 [error]: MongoDB error: querySrv ENOTFOUND _mongodb._tcp.cluster0.lkoaeub.mongodb.net
2025-09-12 23:22:10 [info]: Server running on port 3000
2025-09-12 23:22:10 [info]: Client connected: O-k8yKqDGPmi4X7IAAAC
2025-09-12 23:22:10 [info]: Client connected: x3KPYNo_aFfxfQv1AAAD
2025-09-12 23:22:10 [info]: Client O-k8yKqDGPmi4X7IAAAC joined hall: hall_1
2025-09-12 23:22:10 [info]: Client O-k8yKqDGPmi4X7IAAAC joined hall: hall_2
2025-09-12 23:22:10 [info]: Client O-k8yKqDGPmi4X7IAAAC joined hall: hall_3
2025-09-12 23:22:10 [info]: Client O-k8yKqDGPmi4X7IAAAC left hall: hall_1
2025-09-12 23:22:10 [info]: Client O-k8yKqDGPmi4X7IAAAC left hall: hall_2
2025-09-12 23:22:10 [info]: Client O-k8yKqDGPmi4X7IAAAC left hall: hall_3
2025-09-12 23:22:10 [info]: Client O-k8yKqDGPmi4X7IAAAC joined hall: hall_1
2025-09-12 23:22:10 [info]: Client O-k8yKqDGPmi4X7IAAAC joined hall: hall_2
2025-09-12 23:22:10 [info]: Client O-k8yKqDGPmi4X7IAAAC joined hall: hall_3
2025-09-12 23:22:10 [info]: Client O-k8yKqDGPmi4X7IAAAC left hall: hall_1
2025-09-12 23:22:10 [info]: Client O-k8yKqDGPmi4X7IAAAC left hall: hall_2
2025-09-12 23:22:10 [info]: Client O-k8yKqDGPmi4X7IAAAC left hall: hall_3
2025-09-12 23:22:10 [info]: Client O-k8yKqDGPmi4X7IAAAC joined hall: hall_1
2025-09-12 23:22:10 [info]: Client O-k8yKqDGPmi4X7IAAAC joined hall: hall_2
2025-09-12 23:22:10 [info]: Client O-k8yKqDGPmi4X7IAAAC joined hall: hall_3
2025-09-12 23:22:10 [info]: Client O-k8yKqDGPmi4X7IAAAC left hall: hall_1
2025-09-12 23:22:10 [info]: Client O-k8yKqDGPmi4X7IAAAC left hall: hall_2
2025-09-12 23:22:10 [info]: Client O-k8yKqDGPmi4X7IAAAC left hall: hall_3
2025-09-12 23:22:10 [info]: Client O-k8yKqDGPmi4X7IAAAC joined hall: hall_1
2025-09-12 23:22:10 [info]: Client O-k8yKqDGPmi4X7IAAAC joined hall: hall_2
2025-09-12 23:22:10 [info]: Client O-k8yKqDGPmi4X7IAAAC joined hall: hall_3
2025-09-12 23:22:10 [info]: Client x3KPYNo_aFfxfQv1AAAD joined hall: hall_1
2025-09-12 23:22:10 [info]: Client x3KPYNo_aFfxfQv1AAAD joined hall: hall_2
2025-09-12 23:22:10 [info]: Client x3KPYNo_aFfxfQv1AAAD joined hall: hall_3
2025-09-12 23:22:10 [info]: Client x3KPYNo_aFfxfQv1AAAD left hall: hall_1
2025-09-12 23:22:10 [info]: Client x3KPYNo_aFfxfQv1AAAD left hall: hall_2
2025-09-12 23:22:10 [info]: Client x3KPYNo_aFfxfQv1AAAD left hall: hall_3
2025-09-12 23:22:10 [info]: Client x3KPYNo_aFfxfQv1AAAD joined hall: hall_1
2025-09-12 23:22:10 [info]: Client x3KPYNo_aFfxfQv1AAAD joined hall: hall_2
2025-09-12 23:22:10 [info]: Client x3KPYNo_aFfxfQv1AAAD joined hall: hall_3
2025-09-12 23:22:10 [info]: Client x3KPYNo_aFfxfQv1AAAD left hall: hall_1
2025-09-12 23:22:10 [info]: Client x3KPYNo_aFfxfQv1AAAD left hall: hall_2
2025-09-12 23:22:10 [info]: Client x3KPYNo_aFfxfQv1AAAD left hall: hall_3
2025-09-12 23:22:38 [info]: Client connected: nhHQdEdiUpcQNxdOAAAG
2025-09-12 23:22:38 [info]: Client connected: SCm2Bm_1PfZFLvwxAAAH
2025-09-12 23:22:39 [info]: Client connected: og97u2QNvreovzpHAAAK
2025-09-12 23:22:39 [info]: Client connected: P-ZsH1gjNysEWUk-AAAL
2025-09-12 23:22:55 [info]: Client connected: iwuaMTQ5-Ld7kXVhAAAO
2025-09-12 23:22:55 [info]: Client connected: CHihVqvlOEbxTp2iAAAP
2025-09-12 23:23:06 [warn]: MongoDB disconnected
2025-09-12 23:23:35 [warn]: MongoDB disconnected
2025-09-12 23:23:35 [warn]: MongoDB connection failed, running without database:
2025-09-12 23:23:35 [info]: Server will run in test mode without database
2025-09-12 23:23:35 [error]: MongoDB error: querySrv ENOTFOUND _mongodb._tcp.cluster0.lkoaeub.mongodb.net
2025-09-12 23:23:35 [info]: Server running on port 3000
2025-09-12 23:23:35 [info]: Client connected: LsvkE3zJ1etsy3mtAAAF
2025-09-12 23:23:35 [info]: Client connected: kHrOq8b39PTNOLKaAAAG
2025-09-12 23:23:35 [info]: Client connected: q6rd2-7CnnCQv3YOAAAH
2025-09-12 23:23:35 [info]: Client connected: _OZ_noS3PZR_gkKAAAAI
2025-09-12 23:23:35 [info]: Client connected: 8oI9TGAGCCXVCkiLAAAJ
2025-09-12 23:23:36 [info]: Client connected: t9taVV2TRTKgIRYJAAAM
2025-09-12 23:23:36 [info]: Client connected: uqTQy2Sd-RE21-jRAAAN
2025-09-12 23:23:36 [info]: Client connected: 5pGs6U4K0P0BKufdAAAP
2025-09-12 23:25:44 [info]: Client disconnected: q6rd2-7CnnCQv3YOAAAH
2025-09-12 23:25:44 [info]: Client disconnected: kHrOq8b39PTNOLKaAAAG
2025-09-12 23:25:44 [info]: Client disconnected: LsvkE3zJ1etsy3mtAAAF
2025-09-12 23:25:44 [info]: Client disconnected: 5pGs6U4K0P0BKufdAAAP
2025-09-12 23:25:44 [info]: Client disconnected: uqTQy2Sd-RE21-jRAAAN
2025-09-12 23:25:44 [info]: Client disconnected: 8oI9TGAGCCXVCkiLAAAJ
2025-09-12 23:25:44 [info]: Client disconnected: _OZ_noS3PZR_gkKAAAAI
2025-09-12 23:25:44 [info]: Client disconnected: t9taVV2TRTKgIRYJAAAM
2025-09-13 10:04:16 [warn]: MongoDB disconnected
2025-09-13 10:04:16 [warn]: MongoDB connection failed, running without database:
2025-09-13 10:04:16 [info]: Server will run in test mode without database
2025-09-13 10:04:16 [error]: MongoDB error: querySrv ENOTFOUND _mongodb._tcp.cluster0.lkoaeub.mongodb.net
2025-09-13 10:04:16 [info]: Server running on port 3000
2025-09-13 10:04:45 [info]: Client connected: th8wFU0_LLQQT0HqAAAB
2025-09-13 10:04:45 [info]: Client th8wFU0_LLQQT0HqAAAB joined hall: hall_1
2025-09-13 10:04:46 [info]: Client th8wFU0_LLQQT0HqAAAB joined hall: hall_2
2025-09-13 10:04:46 [info]: Client th8wFU0_LLQQT0HqAAAB joined hall: hall_3
2025-09-13 10:04:46 [info]: Client th8wFU0_LLQQT0HqAAAB left hall: hall_1
2025-09-13 10:04:46 [info]: Client th8wFU0_LLQQT0HqAAAB left hall: hall_2
2025-09-13 10:04:46 [info]: Client th8wFU0_LLQQT0HqAAAB left hall: hall_3
2025-09-13 10:04:46 [info]: Client th8wFU0_LLQQT0HqAAAB joined hall: hall_1
2025-09-13 10:04:46 [info]: Client th8wFU0_LLQQT0HqAAAB joined hall: hall_2
2025-09-13 10:04:46 [info]: Client th8wFU0_LLQQT0HqAAAB joined hall: hall_3
2025-09-13 10:04:49 [info]: Client th8wFU0_LLQQT0HqAAAB left hall: hall_1
2025-09-13 10:04:49 [info]: Client th8wFU0_LLQQT0HqAAAB left hall: hall_2
2025-09-13 10:04:49 [info]: Client th8wFU0_LLQQT0HqAAAB left hall: hall_3
2025-09-13 10:04:52 [info]: Client th8wFU0_LLQQT0HqAAAB joined hall: hall_1
2025-09-13 10:04:52 [info]: Client th8wFU0_LLQQT0HqAAAB joined hall: hall_2
2025-09-13 10:04:52 [info]: Client th8wFU0_LLQQT0HqAAAB joined hall: hall_3
2025-09-13 10:04:52 [info]: Client th8wFU0_LLQQT0HqAAAB left hall: hall_1
2025-09-13 10:04:52 [info]: Client th8wFU0_LLQQT0HqAAAB left hall: hall_2
2025-09-13 10:04:52 [info]: Client th8wFU0_LLQQT0HqAAAB left hall: hall_3
2025-09-13 10:04:52 [info]: Client th8wFU0_LLQQT0HqAAAB joined hall: hall_1
2025-09-13 10:04:52 [info]: Client th8wFU0_LLQQT0HqAAAB joined hall: hall_2
2025-09-13 10:04:52 [info]: Client th8wFU0_LLQQT0HqAAAB joined hall: hall_3
2025-09-13 10:29:22 [info]: Client disconnected: th8wFU0_LLQQT0HqAAAB
2025-09-13 10:29:42 [info]: Client connected: qdIyi2T8-HVp_JoJAAAD
2025-09-13 10:29:43 [info]: Client qdIyi2T8-HVp_JoJAAAD joined hall: hall_1
2025-09-13 10:29:43 [info]: Client qdIyi2T8-HVp_JoJAAAD joined hall: hall_2
2025-09-13 10:29:43 [info]: Client qdIyi2T8-HVp_JoJAAAD joined hall: hall_3
2025-09-13 10:29:43 [info]: Client qdIyi2T8-HVp_JoJAAAD left hall: hall_1
2025-09-13 10:29:43 [info]: Client qdIyi2T8-HVp_JoJAAAD left hall: hall_2
2025-09-13 10:29:43 [info]: Client qdIyi2T8-HVp_JoJAAAD left hall: hall_3
2025-09-13 10:29:43 [info]: Client qdIyi2T8-HVp_JoJAAAD joined hall: hall_1
2025-09-13 10:29:43 [info]: Client qdIyi2T8-HVp_JoJAAAD joined hall: hall_2
2025-09-13 10:29:43 [info]: Client qdIyi2T8-HVp_JoJAAAD joined hall: hall_3
2025-09-13 10:43:52 [info]: Client disconnected: qdIyi2T8-HVp_JoJAAAD
2025-09-13 10:45:26 [info]: Client connected: IVuWoU29jxTSf_jXAAAF
2025-09-13 10:45:27 [info]: Client IVuWoU29jxTSf_jXAAAF joined hall: hall_1
2025-09-13 10:45:27 [info]: Client IVuWoU29jxTSf_jXAAAF joined hall: hall_2
2025-09-13 10:45:27 [info]: Client IVuWoU29jxTSf_jXAAAF joined hall: hall_3
2025-09-13 10:45:27 [info]: Client IVuWoU29jxTSf_jXAAAF left hall: hall_1
2025-09-13 10:45:27 [info]: Client IVuWoU29jxTSf_jXAAAF left hall: hall_2
2025-09-13 10:45:27 [info]: Client IVuWoU29jxTSf_jXAAAF left hall: hall_3
2025-09-13 10:45:27 [info]: Client IVuWoU29jxTSf_jXAAAF joined hall: hall_1
2025-09-13 10:45:27 [info]: Client IVuWoU29jxTSf_jXAAAF joined hall: hall_2
2025-09-13 10:45:27 [info]: Client IVuWoU29jxTSf_jXAAAF joined hall: hall_3
2025-09-13 11:31:28 [info]: Client disconnected: IVuWoU29jxTSf_jXAAAF
2025-09-13 11:32:49 [info]: Client connected: bdClMINO8a2XrGYCAAAH
2025-09-13 11:32:49 [info]: Client bdClMINO8a2XrGYCAAAH joined hall: hall_1
2025-09-13 11:32:49 [info]: Client bdClMINO8a2XrGYCAAAH joined hall: hall_2
2025-09-13 11:32:49 [info]: Client bdClMINO8a2XrGYCAAAH joined hall: hall_3
2025-09-13 11:32:49 [info]: Client bdClMINO8a2XrGYCAAAH left hall: hall_1
2025-09-13 11:32:49 [info]: Client bdClMINO8a2XrGYCAAAH left hall: hall_2
2025-09-13 11:32:49 [info]: Client bdClMINO8a2XrGYCAAAH left hall: hall_3
2025-09-13 11:32:49 [info]: Client bdClMINO8a2XrGYCAAAH joined hall: hall_1
2025-09-13 11:32:49 [info]: Client bdClMINO8a2XrGYCAAAH joined hall: hall_2
2025-09-13 11:32:49 [info]: Client bdClMINO8a2XrGYCAAAH joined hall: hall_3
2025-09-13 12:58:10 [info]: Client disconnected: bdClMINO8a2XrGYCAAAH
2025-09-13 12:58:13 [info]: Client connected: QRIy0hx3Aeyj3j6ZAAAJ
2025-09-13 12:58:13 [info]: Client QRIy0hx3Aeyj3j6ZAAAJ joined hall: hall_1
2025-09-13 12:58:14 [info]: Client QRIy0hx3Aeyj3j6ZAAAJ joined hall: hall_2
2025-09-13 12:58:14 [info]: Client QRIy0hx3Aeyj3j6ZAAAJ joined hall: hall_3
2025-09-13 12:58:14 [info]: Client QRIy0hx3Aeyj3j6ZAAAJ left hall: hall_1
2025-09-13 12:58:14 [info]: Client QRIy0hx3Aeyj3j6ZAAAJ left hall: hall_2
2025-09-13 12:58:14 [info]: Client QRIy0hx3Aeyj3j6ZAAAJ left hall: hall_3
2025-09-13 12:58:14 [info]: Client QRIy0hx3Aeyj3j6ZAAAJ joined hall: hall_1
2025-09-13 12:58:14 [info]: Client QRIy0hx3Aeyj3j6ZAAAJ joined hall: hall_2
2025-09-13 12:58:14 [info]: Client QRIy0hx3Aeyj3j6ZAAAJ joined hall: hall_3
2025-09-13 12:58:16 [info]: Client disconnected: QRIy0hx3Aeyj3j6ZAAAJ
2025-09-13 12:58:34 [info]: Client connected: Tz2kDbdPvmjQ0g7WAAAL
2025-09-13 12:58:34 [info]: Client Tz2kDbdPvmjQ0g7WAAAL joined hall: hall_1
2025-09-13 12:58:34 [info]: Client Tz2kDbdPvmjQ0g7WAAAL joined hall: hall_2
2025-09-13 12:58:35 [info]: Client Tz2kDbdPvmjQ0g7WAAAL joined hall: hall_3
2025-09-13 12:58:35 [info]: Client Tz2kDbdPvmjQ0g7WAAAL left hall: hall_1
2025-09-13 12:58:35 [info]: Client Tz2kDbdPvmjQ0g7WAAAL left hall: hall_2
2025-09-13 12:58:35 [info]: Client Tz2kDbdPvmjQ0g7WAAAL left hall: hall_3
2025-09-13 12:58:35 [info]: Client Tz2kDbdPvmjQ0g7WAAAL joined hall: hall_1
2025-09-13 12:58:35 [info]: Client Tz2kDbdPvmjQ0g7WAAAL joined hall: hall_2
2025-09-13 12:58:35 [info]: Client Tz2kDbdPvmjQ0g7WAAAL joined hall: hall_3
2025-09-13 12:58:38 [info]: Client disconnected: Tz2kDbdPvmjQ0g7WAAAL
